// Jest Snapshot v1, https://goo.gl/fbAQLP

exports[`Renders correctly 1`] = `
<div
  className="boardContainer"
>
  <div
    className="status"
    id="status"
  >
    Next player: O
  </div>
  <div
    className="boardRow"
  >
    <button
      className="square"
      onClick={[Function]}
    />
    <button
      className="square"
      onClick={[Function]}
    />
    <button
      className="square"
      onClick={[Function]}
    />
  </div>
  <div
    className="boardRow"
  >
    <button
      className="square"
      onClick={[Function]}
    />
    <button
      className="square"
      onClick={[Function]}
    />
    <button
      className="square"
      onClick={[Function]}
    />
  </div>
  <div
    className="boardRow"
  >
    <button
      className="square"
      onClick={[Function]}
    />
    <button
      className="square"
      onClick={[Function]}
    />
    <button
      className="square"
      onClick={[Function]}
    />
  </div>
</div>
`;
